[www.mdui.org/docs/index.html]
[backblue.gif]
[fade.gif]
[index.html]
[cdn.w3cbus.com/library/mdui/1.0.2/css/mdui.min.css]
[cdn.w3cbus.com/mdui/docs_1/static/index.0132e177.css]
[www.mdui.org/docs/introduction.html]
[www.mdui.org/docs/download.html]
[www.mdui.org/docs/compatibility.html]
[www.mdui.org/docs/jq.html]
[www.mdui.org/docs/global.html]
[www.mdui.org/docs/migration.html]
[www.mdui.org/docs/color.html]
[www.mdui.org/docs/font.html]
[www.mdui.org/docs/grid.html]
[www.mdui.org/docs/typo.html]
[www.mdui.org/docs/icon.html]
[www.mdui.org/docs/media.html]
[www.mdui.org/docs/helper.html]
[www.mdui.org/docs/shadow.html]
[www.mdui.org/docs/ripple.html]
[www.mdui.org/docs/button.html]
[www.mdui.org/docs/fab.html]
[www.mdui.org/docs/select.html]
[www.mdui.org/docs/divider.html]
[www.mdui.org/docs/panel.html]
[www.mdui.org/docs/textfield.html]
[www.mdui.org/docs/selection_control.html]
[www.mdui.org/docs/slider.html]
[www.mdui.org/docs/list.html]
[www.mdui.org/docs/list_control.html]
[www.mdui.org/docs/grid_list.html]
[www.mdui.org/docs/tab.html]
[www.mdui.org/docs/toolbar.html]
[www.mdui.org/docs/appbar.html]
[www.mdui.org/docs/drawer.html]
[www.mdui.org/docs/bottom_nav.html]
[www.mdui.org/docs/card.html]
[www.mdui.org/docs/chip.html]
[www.mdui.org/docs/tooltip.html]
[www.mdui.org/docs/snackbar.html]
[www.mdui.org/docs/table.html]
[www.mdui.org/docs/dialog.html]
[www.mdui.org/docs/menu.html]
[www.mdui.org/docs/progress.html]
[www.mdui.org/docs/collapse.html]
[www.mdui.org/docs/headroom.html]
[www.mdui.org/docs/material_icon.html]
[cdn.w3cbus.com/library/mdui/1.0.2/js/mdui.min.js]
[www.mdui.org/docs/index.html]
[cdn.w3cbus.com/library/mdui/1.0.2/css/mdui.min.css]
[cdn.w3cbus.com/mdui/docs_1/static/index.95ae2041.js]
[cdn.w3cbus.com/mdui/docs_1/static/6f40c42e0eceb58345d3.jpg]
[cdn.w3cbus.com/mdui/docs_1/static/d521c51519ab714a99f9.jpg]
[cdn.w3cbus.com/mdui/docs_1/static/3a5e4be433058833e667.jpg]
[cdn.w3cbus.com/mdui/docs_1/static/5e010867ef986d05d625.jpg]
[cdn.w3cbus.com/mdui/docs_1/static/7e7b6e9b7ce5ffbbf263.jpg]
[cdn.w3cbus.com/mdui/docs_1/static/1ca4b7b2b4b2f2352aeb.jpg]
[cdn.w3cbus.com/mdui/docs_1/static/1b54b4048439cecfcd06.png]
[cdn.w3cbus.com/mdui/docs_1/static/c14032e71801d3429003.png]
[cdn.w3cbus.com/mdui/docs_1/static/6228d2311ef4f0206549.jpg]
[cdn.w3cbus.com/mdui/docs_1/static/5d263958409c8fa90110.mp4]
[cdn.w3cbus.com/mdui/docs_1/static/index.0132e177.css]
[www.googletagmanager.com/gtm5445.html]
[www.mdui.org/docs/introduction.html]
[www.mdui.org/docs/download.html]
[www.mdui.org/docs/compatibility.html]
[www.mdui.org/docs/jq.html]
[www.mdui.org/docs/global.html]
[www.mdui.org/docs/migration.html]
[www.mdui.org/docs/color/demo1.html]
[www.mdui.org/docs/color/demo2.html]
[www.mdui.org/docs/color.html]
[www.mdui.org/docs/font.html]
[www.mdui.org/docs/grid/demo1.html]
[www.mdui.org/docs/grid/demo2.html]
[www.mdui.org/docs/grid/demo3.html]
[www.mdui.org/docs/grid/demo4.html]
[www.mdui.org/docs/grid/demo5.html]
[www.mdui.org/docs/grid/demo6.html]
[www.mdui.org/docs/grid.html]
[www.mdui.org/docs/typo/demo1.html]
[www.mdui.org/docs/typo/demo2.html]
[www.mdui.org/docs/typo/demo3.html]
[www.mdui.org/docs/typo/demo4.html]
[www.mdui.org/docs/typo/demo5.html]
[www.mdui.org/docs/typo/demo6.html]
[www.mdui.org/docs/typo/demo7.html]
[www.mdui.org/docs/typo/demo8.html]
[www.mdui.org/docs/typo/demo9.html]
[www.mdui.org/docs/typo/demo10.html]
[www.mdui.org/docs/typo.html]
[cdn.w3cbus.com/library/ionicons/2.0.1/css/ionicons.min.css]
[www.mdui.org/docs/icon/demo1.html]
[www.mdui.org/docs/icon/demo2.html]
[www.mdui.org/docs/icon/demo3.html]
[www.mdui.org/docs/icon.html]
[www.mdui.org/docs/media/demo1.html]
[www.mdui.org/docs/media/demo2.html]
[www.mdui.org/docs/media/demo3.html]
[www.mdui.org/docs/media/demo5.html]
[www.mdui.org/docs/media.html]
[www.mdui.org/docs/helper.html]
[www.mdui.org/docs/shadow/demo1.html]
[www.mdui.org/docs/shadow.html]
[www.mdui.org/docs/ripple/demo1.html]
[www.mdui.org/docs/ripple/demo2.html]
[www.mdui.org/docs/ripple/demo3.html]
[www.mdui.org/docs/ripple.html]
[www.mdui.org/docs/button/demo1.html]
[www.mdui.org/docs/button/demo2.html]
[www.mdui.org/docs/button/demo3.html]
[www.mdui.org/docs/button/demo4.html]
[www.mdui.org/docs/button/demo5.html]
[www.mdui.org/docs/button/demo6.html]
[www.mdui.org/docs/button/demo7.html]
[www.mdui.org/docs/button.html]
[www.mdui.org/docs/fab/demo1.html]
[www.mdui.org/docs/fab/demo2.html]
[www.mdui.org/docs/fab/demo3.html]
[www.mdui.org/docs/fab/demo4.html]
[www.mdui.org/docs/fab.html]
[www.mdui.org/docs/fab/demo5.html]
[www.mdui.org/docs/select/demo1.html]
[www.mdui.org/docs/select/demo2.html]
[www.mdui.org/docs/select/demo3.html]
[www.mdui.org/docs/select/demo4.html]
[www.mdui.org/docs/select/demo5.html]
[www.mdui.org/docs/select/demo6.html]
[www.mdui.org/docs/select.html]
[www.mdui.org/docs/divider.html]
[www.mdui.org/docs/panel/demo1.html]
[www.mdui.org/docs/panel/demo2.html]
[www.mdui.org/docs/panel/demo3.html]
[www.mdui.org/docs/panel/demo4.html]
[www.mdui.org/docs/panel/demo5.html]
[www.mdui.org/docs/panel/demo6.html]
[www.mdui.org/docs/panel/demo7.html]
[www.mdui.org/docs/panel.html]
[www.mdui.org/docs/panel/demo8.html]
[www.mdui.org/docs/textfield/demo1.html]
[www.mdui.org/docs/textfield/demo2.html]
[www.mdui.org/docs/textfield/demo3.html]
[www.mdui.org/docs/textfield/demo4.html]
[www.mdui.org/docs/textfield/demo5.html]
[www.mdui.org/docs/textfield/demo11.html]
[www.mdui.org/docs/textfield/demo12.html]
[www.mdui.org/docs/textfield/demo6.html]
[www.mdui.org/docs/textfield/demo7.html]
[www.mdui.org/docs/textfield/demo8.html]
[www.mdui.org/docs/textfield/demo9.html]
[www.mdui.org/docs/textfield/demo10.html]
[www.mdui.org/docs/textfield.html]
[www.mdui.org/docs/selection_control/demo1.html]
[www.mdui.org/docs/selection_control/demo2.html]
[www.mdui.org/docs/selection_control/demo3.html]
[www.mdui.org/docs/selection_control.html]
[www.mdui.org/docs/slider/demo1.html]
[www.mdui.org/docs/slider/demo2.html]
[www.mdui.org/docs/slider/demo3.html]
[www.mdui.org/docs/slider/demo4.html]
[www.mdui.org/docs/slider.html]
[www.mdui.org/docs/list/demo1.html]
[www.mdui.org/docs/list/demo2.html]
[www.mdui.org/docs/list/demo3.html]
[www.mdui.org/docs/list/demo4.html]
[www.mdui.org/docs/list/demo5.html]
[www.mdui.org/docs/list/demo6.html]
[www.mdui.org/docs/list/demo7.html]
[www.mdui.org/docs/list/demo8.html]
[www.mdui.org/docs/list/demo19.html]
[www.mdui.org/docs/list/demo9.html]
[www.mdui.org/docs/list/demo10.html]
[www.mdui.org/docs/list/demo11.html]
[www.mdui.org/docs/list/demo12.html]
[www.mdui.org/docs/list/demo13.html]
[www.mdui.org/docs/list/demo14.html]
[www.mdui.org/docs/list/demo15.html]
[www.mdui.org/docs/list/demo16.html]
[www.mdui.org/docs/list/demo17.html]
[www.mdui.org/docs/list/demo18.html]
[www.mdui.org/docs/list/demo20.html]
[www.mdui.org/docs/list.html]
[www.mdui.org/docs/list_control/demo1.html]
[www.mdui.org/docs/list_control/demo2.html]
[www.mdui.org/docs/list_control/demo3.html]
[www.mdui.org/docs/list_control/demo4.html]
[www.mdui.org/docs/list_control.html]
[www.mdui.org/docs/grid_list/demo1.html]
[www.mdui.org/docs/grid_list/demo2.html]
[www.mdui.org/docs/grid_list/demo3.html]
[www.mdui.org/docs/grid_list/demo4.html]
[www.mdui.org/docs/grid_list/demo5.html]
[www.mdui.org/docs/grid_list/demo6.html]
[www.mdui.org/docs/grid_list/demo7.html]
[www.mdui.org/docs/grid_list.html]
[www.mdui.org/docs/grid_list/demo8.html]
[www.mdui.org/docs/tab/demo1.html]
[www.mdui.org/docs/tab/demo2.html]
[www.mdui.org/docs/tab/demo3.html]
[www.mdui.org/docs/tab/demo4.html]
[www.mdui.org/docs/tab/demo5.html]
[www.mdui.org/docs/tab/demo6.html]
[www.mdui.org/docs/tab/demo7.html]
[www.mdui.org/docs/tab/demo8.html]
[www.mdui.org/docs/tab/demo9.html]
[www.mdui.org/docs/tab/demo10.html]
[www.mdui.org/docs/tab.html]
[www.mdui.org/docs/toolbar/demo1.html]
[www.mdui.org/docs/toolbar/demo2.html]
[www.mdui.org/docs/toolbar.html]
[www.mdui.org/docs/appbar/demo1.html]
[www.mdui.org/docs/appbar/demo2.html]
[www.mdui.org/docs/appbar/demo3.html]
[www.mdui.org/docs/appbar/demo4.html]
[www.mdui.org/docs/appbar/demo5.html]
[www.mdui.org/docs/appbar/demo6.html]
[www.mdui.org/docs/appbar/demo7.html]
[www.mdui.org/docs/appbar/demo8.html]
[www.mdui.org/docs/appbar/demo9.html]
[www.mdui.org/docs/appbar/demo10.html]
[www.mdui.org/docs/appbar.html]
[www.mdui.org/docs/drawer.html]
[www.mdui.org/docs/drawer/demo1.html]
[www.mdui.org/docs/bottom_nav/demo1.html]
[www.mdui.org/docs/bottom_nav/demo2.html]
[www.mdui.org/docs/bottom_nav/demo3.html]
[www.mdui.org/docs/bottom_nav/demo4.html]
[www.mdui.org/docs/bottom_nav/demo5.html]
[www.mdui.org/docs/bottom_nav/demo6.html]
[www.mdui.org/docs/bottom_nav.html]
[www.mdui.org/docs/card/demo1.html]
[www.mdui.org/docs/card/demo2.html]
[www.mdui.org/docs/card/demo3.html]
[www.mdui.org/docs/card/demo4.html]
[www.mdui.org/docs/card/demo5.html]
[www.mdui.org/docs/card/demo6.html]
[www.mdui.org/docs/card/demo7.html]
[www.mdui.org/docs/card.html]
[www.mdui.org/docs/chip/demo1.html]
[www.mdui.org/docs/chip/demo2.html]
[www.mdui.org/docs/chip/demo3.html]
[www.mdui.org/docs/chip/demo4.html]
[www.mdui.org/docs/chip/demo5.html]
[www.mdui.org/docs/chip/demo6.html]
[www.mdui.org/docs/chip.html]
[www.mdui.org/docs/tooltip/demo1.html]
[www.mdui.org/docs/tooltip/demo2.html]
[www.mdui.org/docs/tooltip.html]
[www.mdui.org/docs/snackbar/demo1.html]
[www.mdui.org/docs/snackbar/demo2.html]
[www.mdui.org/docs/snackbar/demo3.html]
[www.mdui.org/docs/snackbar.html]
[www.mdui.org/docs/table/demo1.html]
[www.mdui.org/docs/table/demo2.html]
[www.mdui.org/docs/table/demo3.html]
[www.mdui.org/docs/table/demo4.html]
[www.mdui.org/docs/table.html]
[www.mdui.org/docs/dialog/demo1.html]
[www.mdui.org/docs/dialog/demo2.html]
[www.mdui.org/docs/dialog/demo3.html]
[www.mdui.org/docs/dialog/demo4.html]
[www.mdui.org/docs/dialog/demo5.html]
[www.mdui.org/docs/dialog/demo6.html]
[www.mdui.org/docs/dialog/demo7.html]
[www.mdui.org/docs/dialog/demo8.html]
[www.mdui.org/docs/dialog/demo9.html]
[www.mdui.org/docs/dialog/demo10.html]
[www.mdui.org/docs/dialog/demo11.html]
[www.mdui.org/docs/dialog.html]
[www.mdui.org/docs/menu/demo1.html]
[www.mdui.org/docs/menu/demo2.html]
[www.mdui.org/docs/menu/demo3.html]
[www.mdui.org/docs/menu/demo4.html]
[www.mdui.org/docs/menu/demo5.html]
[www.mdui.org/docs/menu/demo6.html]
[www.mdui.org/docs/menu.html]
[www.mdui.org/docs/progress/demo1.html]
[www.mdui.org/docs/progress/demo2.html]
[www.mdui.org/docs/progress/demo3.html]
[www.mdui.org/docs/progress/demo4.html]
[www.mdui.org/docs/progress.html]
[www.mdui.org/docs/collapse/demo1.html]
[www.mdui.org/docs/collapse.html]
[www.mdui.org/docs/collapse/demo2.html]
[www.mdui.org/docs/headroom/demo1.html]
[www.mdui.org/docs/headroom/demo2.html]
[www.mdui.org/docs/headroom.html]
[www.mdui.org/docs/material_icon.html]
[cdn.w3cbus.com/pages/html_demo/static/index.41c900a2.css]
[cdn.w3cbus.com/library/ace/1.4.13/ace.js]
[cdn.w3cbus.com/library/ace/1.4.13/ext-language_tools.js]
[www.mdui.org/docs/color/demo1.html]
[www.mdui.org/docs/color/demo2.html]
[www.mdui.org/docs/grid/demo1.html]
[www.mdui.org/docs/grid/demo2.html]
[www.mdui.org/docs/grid/demo3.html]
[www.mdui.org/docs/grid/demo4.html]
[www.mdui.org/docs/grid/demo5.html]
[www.mdui.org/docs/grid/demo6.html]
[www.mdui.org/docs/typo/demo1.html]
[www.mdui.org/docs/typo/demo2.html]
[www.mdui.org/docs/typo/demo3.html]
[www.mdui.org/docs/typo/demo4.html]
[www.mdui.org/docs/typo/demo5.html]
[www.mdui.org/docs/typo/demo6.html]
[www.mdui.org/docs/typo/demo7.html]
[www.mdui.org/docs/typo/demo8.html]
[www.mdui.org/docs/typo/demo9.html]
[www.mdui.org/docs/typo/demo10.html]
[cdn.w3cbus.com/library/ionicons/2.0.1/css/ionicons.min.css]
[www.mdui.org/docs/icon/demo1.html]
[www.mdui.org/docs/icon/demo2.html]
[www.mdui.org/docs/icon/demo3.html]
[www.mdui.org/docs/media/demo1.html]
[www.mdui.org/docs/media/demo2.html]
[www.mdui.org/docs/media/demo3.html]
[www.mdui.org/docs/media/demo5.html]
[www.mdui.org/docs/shadow/demo1.html]
[www.mdui.org/docs/ripple/demo1.html]
[www.mdui.org/docs/ripple/demo2.html]
[www.mdui.org/docs/ripple/demo3.html]
[www.mdui.org/docs/button/demo1.html]
[www.mdui.org/docs/button/demo2.html]
[www.mdui.org/docs/button/demo3.html]
[www.mdui.org/docs/button/demo4.html]
[www.mdui.org/docs/button/demo5.html]
[www.mdui.org/docs/button/demo6.html]
[www.mdui.org/docs/button/demo7.html]
[www.mdui.org/docs/fab/demo1.html]
[www.mdui.org/docs/fab/demo2.html]
[www.mdui.org/docs/fab/demo3.html]
[www.mdui.org/docs/fab/demo4.html]
[www.mdui.org/docs/fab/demo5.html]
[www.mdui.org/docs/select/demo1.html]
[www.mdui.org/docs/select/demo2.html]
[www.mdui.org/docs/select/demo3.html]
[www.mdui.org/docs/select/demo4.html]
[www.mdui.org/docs/select/demo5.html]
[www.mdui.org/docs/select/demo6.html]
[www.mdui.org/docs/panel/demo1.html]
[www.mdui.org/docs/panel/demo2.html]
[www.mdui.org/docs/panel/demo3.html]
[www.mdui.org/docs/panel/demo4.html]
[www.mdui.org/docs/panel/demo5.html]
[www.mdui.org/docs/panel/demo6.html]
[www.mdui.org/docs/panel/demo7.html]
[www.mdui.org/docs/panel/demo8.html]
[www.mdui.org/docs/textfield/demo1.html]
[www.mdui.org/docs/textfield/demo2.html]
[www.mdui.org/docs/textfield/demo3.html]
[www.mdui.org/docs/textfield/demo4.html]
[www.mdui.org/docs/textfield/demo5.html]
[www.mdui.org/docs/textfield/demo11.html]
[www.mdui.org/docs/textfield/demo12.html]
[www.mdui.org/docs/textfield/demo6.html]
[www.mdui.org/docs/textfield/demo7.html]
[www.mdui.org/docs/textfield/demo8.html]
[www.mdui.org/docs/textfield/demo9.html]
[www.mdui.org/docs/textfield/demo10.html]
[www.mdui.org/docs/selection_control/demo1.html]
[www.mdui.org/docs/selection_control/demo2.html]
[www.mdui.org/docs/selection_control/demo3.html]
[www.mdui.org/docs/slider/demo1.html]
[www.mdui.org/docs/slider/demo2.html]
[www.mdui.org/docs/slider/demo3.html]
[www.mdui.org/docs/slider/demo4.html]
[www.mdui.org/docs/list/demo1.html]
[www.mdui.org/docs/list/demo2.html]
[www.mdui.org/docs/list/demo3.html]
[www.mdui.org/docs/list/demo4.html]
[www.mdui.org/docs/list/demo5.html]
[www.mdui.org/docs/list/demo6.html]
[www.mdui.org/docs/list/demo7.html]
[www.mdui.org/docs/list/demo8.html]
[www.mdui.org/docs/list/demo19.html]
[www.mdui.org/docs/list/demo9.html]
[www.mdui.org/docs/list/demo10.html]
[www.mdui.org/docs/list/demo11.html]
[www.mdui.org/docs/list/demo12.html]
[www.mdui.org/docs/list/demo13.html]
[www.mdui.org/docs/list/demo14.html]
[www.mdui.org/docs/list/demo15.html]
[www.mdui.org/docs/list/demo16.html]
[www.mdui.org/docs/list/demo17.html]
[www.mdui.org/docs/list/demo18.html]
[www.mdui.org/docs/list/demo20.html]
[www.mdui.org/docs/list_control/demo1.html]
[www.mdui.org/docs/list_control/demo2.html]
[www.mdui.org/docs/list_control/demo3.html]
[www.mdui.org/docs/list_control/demo4.html]
[www.mdui.org/docs/grid_list/demo1.html]
[www.mdui.org/docs/grid_list/demo2.html]
[www.mdui.org/docs/grid_list/demo3.html]
[www.mdui.org/docs/grid_list/demo4.html]
[www.mdui.org/docs/grid_list/demo5.html]
[www.mdui.org/docs/grid_list/demo6.html]
[www.mdui.org/docs/grid_list/demo7.html]
[www.mdui.org/docs/grid_list/demo8.html]
[www.mdui.org/docs/tab/demo1.html]
[www.mdui.org/docs/tab/demo2.html]
[www.mdui.org/docs/tab/demo3.html]
[www.mdui.org/docs/tab/demo4.html]
[www.mdui.org/docs/tab/demo5.html]
[www.mdui.org/docs/tab/demo6.html]
[www.mdui.org/docs/tab/demo7.html]
[www.mdui.org/docs/tab/demo8.html]
[www.mdui.org/docs/tab/demo9.html]
[www.mdui.org/docs/tab/demo10.html]
[www.mdui.org/docs/toolbar/demo1.html]
[www.mdui.org/docs/toolbar/demo2.html]
[www.mdui.org/docs/appbar/demo1.html]
[www.mdui.org/docs/appbar/demo2.html]
[www.mdui.org/docs/appbar/demo3.html]
[www.mdui.org/docs/appbar/demo4.html]
[www.mdui.org/docs/appbar/demo5.html]
[www.mdui.org/docs/appbar/demo6.html]
[www.mdui.org/docs/appbar/demo7.html]
[www.mdui.org/docs/appbar/demo8.html]
[www.mdui.org/docs/appbar/demo9.html]
[www.mdui.org/docs/appbar/demo10.html]
[www.mdui.org/docs/drawer/demo1.html]
[www.mdui.org/docs/bottom_nav/demo1.html]
[www.mdui.org/docs/bottom_nav/demo2.html]
[www.mdui.org/docs/bottom_nav/demo3.html]
[www.mdui.org/docs/bottom_nav/demo4.html]
[www.mdui.org/docs/bottom_nav/demo5.html]
[www.mdui.org/docs/bottom_nav/demo6.html]
[www.mdui.org/docs/card/demo1.html]
[www.mdui.org/docs/card/demo2.html]
[www.mdui.org/docs/card/demo3.html]
[www.mdui.org/docs/card/demo4.html]
[www.mdui.org/docs/card/demo5.html]
[www.mdui.org/docs/card/demo6.html]
[www.mdui.org/docs/card/demo7.html]
[www.mdui.org/docs/chip/demo1.html]
[www.mdui.org/docs/chip/demo2.html]
[www.mdui.org/docs/chip/demo3.html]
[www.mdui.org/docs/chip/demo4.html]
[www.mdui.org/docs/chip/demo5.html]
[www.mdui.org/docs/chip/demo6.html]
[www.mdui.org/docs/tooltip/demo1.html]
[www.mdui.org/docs/tooltip/demo2.html]
[www.mdui.org/docs/snackbar/demo1.html]
[www.mdui.org/docs/snackbar/demo2.html]
[www.mdui.org/docs/snackbar/demo3.html]
[www.mdui.org/docs/table/demo1.html]
[www.mdui.org/docs/table/demo2.html]
[www.mdui.org/docs/table/demo3.html]
[www.mdui.org/docs/table/demo4.html]
[www.mdui.org/docs/dialog/demo1.html]
[www.mdui.org/docs/dialog/demo2.html]
[www.mdui.org/docs/dialog/demo3.html]
[www.mdui.org/docs/dialog/demo4.html]
[www.mdui.org/docs/dialog/demo5.html]
[www.mdui.org/docs/dialog/demo6.html]
[www.mdui.org/docs/dialog/demo7.html]
[www.mdui.org/docs/dialog/demo8.html]
[www.mdui.org/docs/dialog/demo9.html]
[www.mdui.org/docs/dialog/demo10.html]
[www.mdui.org/docs/dialog/demo11.html]
[www.mdui.org/docs/menu/demo1.html]
[www.mdui.org/docs/menu/demo2.html]
[www.mdui.org/docs/menu/demo3.html]
[www.mdui.org/docs/menu/demo4.html]
[www.mdui.org/docs/menu/demo5.html]
[www.mdui.org/docs/menu/demo6.html]
[www.mdui.org/docs/progress/demo1.html]
[www.mdui.org/docs/progress/demo2.html]
[www.mdui.org/docs/progress/demo3.html]
[www.mdui.org/docs/progress/demo4.html]
[www.mdui.org/docs/collapse/demo1.html]
[www.mdui.org/docs/collapse/demo2.html]
[www.mdui.org/docs/headroom/demo1.html]
[www.mdui.org/docs/headroom/demo2.html]
[pagead2.googlesyndication.com/pagead/js/adsbygooglee7db.js]
[cdn.w3cbus.com/pages/html_demo/static/index.41c900a2.css]
[cdn.w3cbus.com/pages/html_demo/static/index.b9b553b1.js]
